// Jest Snapshot v1, https://goo.gl/fbAQLP

exports[`/api/version GET should return ok 1`] = `
Object {
  "status": "ok",
}
`;
