// Jest Snapshot v1, https://goo.gl/fbAQLP

exports[`/ GET should return page 1`] = `Object {}`;
